// Jest Snapshot v1, https://goo.gl/fbAQLP

exports[`<Player /> renders the <Player /> width a bunny video 1`] = `
<div
  class="player__Container-sc-1dgjhhi-0"
>
  <button
    class="player__Button-sc-1dgjhhi-4 eqrRoR"
  >
    Play
  </button>
</div>
`;
